/producto/bolsa-de-transporte-ossby-bicicleta-plegable /bolsa-de-transporte-ossby-bicicleta-plegable;
/producto/soporte-para-macuto-o-mochila-ossby-bicicleta-plegable /soporte-para-macuto-o-mochila-ossby-bicicleta-plegable;
/producto/beeron-wooden-headphones /tienda;

/crane-mini-suzu-timbre-bicicleta timbre-bicicleta-crane-mini-suzu;
/quienes-somos quien-somos;

/tienda/infantil-bicicleta/remolque-ninos /infantil-bicicleta/remolque-ninos;
/tienda/infantil-bicicleta/timbres-bicicleta-ninos /infantil-bicicleta/timbres-bicicleta-ninos;
/tienda/infantil-bicicleta/bicicletas-sin-pedales /infantil-bicicleta/bicicletas-sin-pedales;
/tienda/accesorios-bicicleta /accesorios-bicicleta;
/tienda/accesorios-bicicleta/casa /accesorios-bicicleta/casa;
/tienda/accesorios-bicicleta/antirrobo-bicicleta /accesorios-bicicleta/antirrobo-bicicleta;
/tienda/accesorios-bicicleta/soporte-movil-bicicleta /accesorios-bicicleta/soporte-movil-bicicleta;
/tienda/accesorios-bicicleta/guardabarros-bicicleta /accesorios-bicicleta/guardabarros-bicicleta;
/tienda/cascos /cascos-bicicleta;
/tienda/cascos-bicicleta /cascos-bicicleta;
/tienda/cascos-bicicleta/cascos-plegables-bicicleta /cascos-bicicleta/cascos-plegables-bicicleta;
/tienda/luces-bicicleta /luces-bicicleta;
/tienda/luces-bicicleta/intermitentes-bicicleta /luces-bicicleta/intermitentes-bicicleta;
/tienda/luces-bicicleta/luz-trasera-bicicleta /luces-bicicleta/luz-trasera-bicicleta;
/tienda/luces-bicicleta/luz-delantera-bicicleta /luces-bicicleta/luz-delantera-bicicleta;
/tienda/bicicletas-urbanas /bicicletas-urbanas;

/carrera-foldable-casco-plegable /carrera-foldable-basic-casco-plegable;
/flectr-zero-reflectante-ligero-para-radios-de-bicicleta /flectr-zero-reflectante-ligero-radios-bicicleta;
/luz-delantera-knog-pop-2 /luz-delantera-knog-pop;
/firstbike-street-bicicleta-sin-pedales-2 /firstbike-street-bicicleta-sin-pedales;